[Phase5] DB load started
[Phase5] course features loaded: 0.00s, rows=112, memory=776.8MB
[Phase5] course feature join: 25.26s, rows=1127273, memory=1878.1MB
[Phase5] DB load finished: 35.20s, se_rows=1127273, ra_rows=91603, memory=1878.1MB
[Phase5] history construction started: rows=717096, memory=2955.7MB
[Phase5] history races processed: 5000/50515, elapsed=116.14s, memory=3673.2MB
[Phase5] history races processed: 10000/50515, elapsed=216.84s, memory=3673.2MB
[Phase5] history races processed: 15000/50515, elapsed=332.12s, memory=3673.2MB
[Phase5] history races processed: 20000/50515, elapsed=474.81s, memory=3673.2MB
[Phase5] history races processed: 25000/50515, elapsed=621.90s, memory=3673.2MB
[Phase5] history races processed: 30000/50515, elapsed=784.46s, memory=3673.2MB
[Phase5] history races processed: 35000/50515, elapsed=971.73s, memory=3673.2MB
[Phase5] history races processed: 40000/50515, elapsed=1173.59s, memory=3673.2MB
[Phase5] history races processed: 45000/50515, elapsed=1394.68s, memory=3673.2MB
[Phase5] history races processed: 50000/50515, elapsed=1632.72s, memory=3673.2MB
[Phase5] history built: 1715.54s, feature_rows=706014, races=50515, memory=3673.2MB
[Phase5] cached feature selection: rows=706014, target_races=504
[Phase5] feature construction finished: 1804.36s, rows=706014, memory=3673.2MB
[Phase5] LightGBM training RA 2026-07-01: 495.17s, train=700433, test=3721, memory=3673.2MB
[Phase5] prediction RA 2026-07-01: 495.21s
[Phase5] LightGBM training RA 2026-08-01: 110.14s, train=700433, test=1860, memory=7375.4MB
[Phase5] prediction RA 2026-08-01: 110.15s
[Phase5] metrics/output rows prepared: 2442.42s, predictions=5581, memory=7375.4MB
[Phase5] CSV/report output finished: 1.03s, output=reports/old_feature_rebuild/phase_A/plus_basic_RA, memory=8495.9MB
{
  "output": "reports/old_feature_rebuild/phase_A/plus_basic_RA",
  "predictions": {
    "RA": 5581
  },
  "metadata": {
    "start_month": "2026-07",
    "end_month_exclusive": "2026-09",
    "months": 12,
    "source_rows": 717096,
    "payout_rows": 50515,
    "walk_forward": "各評価月の月初より前に確定したレースだけで特徴量生成・学習",
    "model": "RA"
  }
}
